06-Mar-2026 12:13:29.055 INFO [main] org.apache.catalina.startup.VersionLoggerListener.log Server version name:   Apache Tomcat/9.0.115
06-Mar-2026 12:13:29.057 INFO [main] org.apache.catalina.startup.VersionLoggerListener.log Server built:          Jan 21 2026 08:17:26 UTC
06-Mar-2026 12:13:29.057 INFO [main] org.apache.catalina.startup.VersionLoggerListener.log Server version number: 9.0.115.0
06-Mar-2026 12:13:29.057 INFO [main] org.apache.catalina.startup.VersionLoggerListener.log OS Name:               Linux
06-Mar-2026 12:13:29.057 INFO [main] org.apache.catalina.startup.VersionLoggerListener.log OS Version:            5.15.0-139-generic
06-Mar-2026 12:13:29.057 INFO [main] org.apache.catalina.startup.VersionLoggerListener.log Architecture:          amd64
06-Mar-2026 12:13:29.058 INFO [main] org.apache.catalina.startup.VersionLoggerListener.log Java Home:             /usr/lib/jvm/java-11-openjdk-amd64
06-Mar-2026 12:13:29.058 INFO [main] org.apache.catalina.startup.VersionLoggerListener.log JVM Version:           11.0.27+6-post-Ubuntu-0ubuntu120.04
06-Mar-2026 12:13:29.058 INFO [main] org.apache.catalina.startup.VersionLoggerListener.log JVM Vendor:            Ubuntu
06-Mar-2026 12:13:29.058 INFO [main] org.apache.catalina.startup.VersionLoggerListener.log CATALINA_BASE:         /home/pict/apache-tomcat-9.0.115
06-Mar-2026 12:13:29.058 INFO [main] org.apache.catalina.startup.VersionLoggerListener.log CATALINA_HOME:         /home/pict/apache-tomcat-9.0.115
06-Mar-2026 12:13:29.066 INFO [main] org.apache.catalina.startup.VersionLoggerListener.log Command line argument: --add-opens=java.base/java.lang=ALL-UNNAMED
06-Mar-2026 12:13:29.066 INFO [main] org.apache.catalina.startup.VersionLoggerListener.log Command line argument: --add-opens=java.base/java.lang.invoke=ALL-UNNAMED
06-Mar-2026 12:13:29.066 INFO [main] org.apache.catalina.startup.VersionLoggerListener.log Command line argument: --add-opens=java.base/java.lang.reflect=ALL-UNNAMED
06-Mar-2026 12:13:29.066 INFO [main] org.apache.catalina.startup.VersionLoggerListener.log Command line argument: --add-opens=java.base/java.io=ALL-UNNAMED
06-Mar-2026 12:13:29.066 INFO [main] org.apache.catalina.startup.VersionLoggerListener.log Command line argument: --add-opens=java.base/java.util=ALL-UNNAMED
06-Mar-2026 12:13:29.066 INFO [main] org.apache.catalina.startup.VersionLoggerListener.log Command line argument: --add-opens=java.base/java.util.concurrent=ALL-UNNAMED
06-Mar-2026 12:13:29.066 INFO [main] org.apache.catalina.startup.VersionLoggerListener.log Command line argument: --add-opens=java.rmi/sun.rmi.transport=ALL-UNNAMED
06-Mar-2026 12:13:29.066 INFO [main] org.apache.catalina.startup.VersionLoggerListener.log Command line argument: -Djava.util.logging.config.file=/home/pict/apache-tomcat-9.0.115/conf/logging.properties
06-Mar-2026 12:13:29.066 INFO [main] org.apache.catalina.startup.VersionLoggerListener.log Command line argument: -Djava.util.logging.manager=org.apache.juli.ClassLoaderLogManager
06-Mar-2026 12:13:29.067 INFO [main] org.apache.catalina.startup.VersionLoggerListener.log Command line argument: -Djdk.tls.ephemeralDHKeySize=2048
06-Mar-2026 12:13:29.067 INFO [main] org.apache.catalina.startup.VersionLoggerListener.log Command line argument: -Djava.protocol.handler.pkgs=org.apache.catalina.webresources
06-Mar-2026 12:13:29.067 INFO [main] org.apache.catalina.startup.VersionLoggerListener.log Command line argument: -Dsun.io.useCanonCaches=false
06-Mar-2026 12:13:29.067 INFO [main] org.apache.catalina.startup.VersionLoggerListener.log Command line argument: -Dorg.apache.catalina.security.SecurityListener.UMASK=0027
06-Mar-2026 12:13:29.067 INFO [main] org.apache.catalina.startup.VersionLoggerListener.log Command line argument: -Dignore.endorsed.dirs=
06-Mar-2026 12:13:29.067 INFO [main] org.apache.catalina.startup.VersionLoggerListener.log Command line argument: -Dcatalina.base=/home/pict/apache-tomcat-9.0.115
06-Mar-2026 12:13:29.067 INFO [main] org.apache.catalina.startup.VersionLoggerListener.log Command line argument: -Dcatalina.home=/home/pict/apache-tomcat-9.0.115
06-Mar-2026 12:13:29.067 INFO [main] org.apache.catalina.startup.VersionLoggerListener.log Command line argument: -Djava.io.tmpdir=/home/pict/apache-tomcat-9.0.115/temp
06-Mar-2026 12:13:29.069 INFO [main] org.apache.catalina.core.AprLifecycleListener.lifecycleEvent The Apache Tomcat Native library which allows using OpenSSL was not found on the java.library.path: [/usr/java/packages/lib:/usr/lib/x86_64-linux-gnu/jni:/lib/x86_64-linux-gnu:/usr/lib/x86_64-linux-gnu:/usr/lib/jni:/lib:/usr/lib]
06-Mar-2026 12:13:29.229 INFO [main] org.apache.coyote.AbstractProtocol.init Initializing ProtocolHandler ["http-nio-8080"]
06-Mar-2026 12:13:29.241 INFO [main] org.apache.catalina.startup.Catalina.load Server initialization in [285] milliseconds
06-Mar-2026 12:13:29.269 INFO [main] org.apache.catalina.core.StandardService.startInternal Starting service [Catalina]
06-Mar-2026 12:13:29.269 INFO [main] org.apache.catalina.core.StandardEngine.startInternal Starting Servlet engine: [Apache Tomcat/9.0.115]
06-Mar-2026 12:13:29.273 INFO [main] org.apache.catalina.startup.HostConfig.deployDirectory Deploying web application directory [/home/pict/apache-tomcat-9.0.115/webapps/ROOT]
06-Mar-2026 12:13:29.390 INFO [main] org.apache.catalina.startup.HostConfig.deployDirectory Deployment of web application directory [/home/pict/apache-tomcat-9.0.115/webapps/ROOT] has finished in [116] ms
06-Mar-2026 12:13:29.390 INFO [main] org.apache.catalina.startup.HostConfig.deployDirectory Deploying web application directory [/home/pict/apache-tomcat-9.0.115/webapps/docs]
06-Mar-2026 12:13:29.401 INFO [main] org.apache.catalina.startup.HostConfig.deployDirectory Deployment of web application directory [/home/pict/apache-tomcat-9.0.115/webapps/docs] has finished in [11] ms
06-Mar-2026 12:13:29.401 INFO [main] org.apache.catalina.startup.HostConfig.deployDirectory Deploying web application directory [/home/pict/apache-tomcat-9.0.115/webapps/host-manager]
06-Mar-2026 12:13:29.416 INFO [main] org.apache.catalina.startup.HostConfig.deployDirectory Deployment of web application directory [/home/pict/apache-tomcat-9.0.115/webapps/host-manager] has finished in [15] ms
06-Mar-2026 12:13:29.416 INFO [main] org.apache.catalina.startup.HostConfig.deployDirectory Deploying web application directory [/home/pict/apache-tomcat-9.0.115/webapps/manager]
06-Mar-2026 12:13:29.426 INFO [main] org.apache.catalina.startup.HostConfig.deployDirectory Deployment of web application directory [/home/pict/apache-tomcat-9.0.115/webapps/manager] has finished in [10] ms
06-Mar-2026 12:13:29.427 INFO [main] org.apache.catalina.startup.HostConfig.deployDirectory Deploying web application directory [/home/pict/apache-tomcat-9.0.115/webapps/examples]
06-Mar-2026 12:13:29.514 INFO [main] org.apache.catalina.startup.HostConfig.deployDirectory Deployment of web application directory [/home/pict/apache-tomcat-9.0.115/webapps/examples] has finished in [87] ms
06-Mar-2026 12:13:29.517 INFO [main] org.apache.coyote.AbstractProtocol.start Starting ProtocolHandler ["http-nio-8080"]
06-Mar-2026 12:13:29.523 INFO [main] org.apache.catalina.startup.Catalina.start Server startup in [280] milliseconds
06-Mar-2026 12:13:59.527 INFO [Catalina-utility-1] org.apache.catalina.startup.HostConfig.deployDirectory Deploying web application directory [/home/pict/apache-tomcat-9.0.115/webapps/hello]
06-Mar-2026 12:13:59.560 INFO [Catalina-utility-1] org.apache.catalina.startup.HostConfig.deployDirectory Deployment of web application directory [/home/pict/apache-tomcat-9.0.115/webapps/hello] has finished in [34] ms
06-Mar-2026 12:15:39.577 INFO [Catalina-utility-2] org.apache.catalina.startup.HostConfig.reload Reloading context [/hello]
06-Mar-2026 12:15:39.577 INFO [Catalina-utility-2] org.apache.catalina.core.StandardContext.reload Reloading Context with name [/hello] has started
06-Mar-2026 12:15:39.608 INFO [Catalina-utility-2] org.apache.catalina.core.StandardContext.reload Reloading Context with name [/hello] is completed
06-Mar-2026 12:20:12.985 INFO [main] org.apache.catalina.startup.VersionLoggerListener.log Server version name:   Apache Tomcat/9.0.115
06-Mar-2026 12:20:12.987 INFO [main] org.apache.catalina.startup.VersionLoggerListener.log Server built:          Jan 21 2026 08:17:26 UTC
06-Mar-2026 12:20:12.987 INFO [main] org.apache.catalina.startup.VersionLoggerListener.log Server version number: 9.0.115.0
06-Mar-2026 12:20:12.987 INFO [main] org.apache.catalina.startup.VersionLoggerListener.log OS Name:               Linux
06-Mar-2026 12:20:12.987 INFO [main] org.apache.catalina.startup.VersionLoggerListener.log OS Version:            5.15.0-139-generic
06-Mar-2026 12:20:12.987 INFO [main] org.apache.catalina.startup.VersionLoggerListener.log Architecture:          amd64
06-Mar-2026 12:20:12.987 INFO [main] org.apache.catalina.startup.VersionLoggerListener.log Java Home:             /usr/lib/jvm/java-11-openjdk-amd64
06-Mar-2026 12:20:12.987 INFO [main] org.apache.catalina.startup.VersionLoggerListener.log JVM Version:           11.0.27+6-post-Ubuntu-0ubuntu120.04
06-Mar-2026 12:20:12.987 INFO [main] org.apache.catalina.startup.VersionLoggerListener.log JVM Vendor:            Ubuntu
06-Mar-2026 12:20:12.987 INFO [main] org.apache.catalina.startup.VersionLoggerListener.log CATALINA_BASE:         /home/pict/apache-tomcat-9.0.115
06-Mar-2026 12:20:12.987 INFO [main] org.apache.catalina.startup.VersionLoggerListener.log CATALINA_HOME:         /home/pict/apache-tomcat-9.0.115
06-Mar-2026 12:20:12.993 INFO [main] org.apache.catalina.startup.VersionLoggerListener.log Command line argument: --add-opens=java.base/java.lang=ALL-UNNAMED
06-Mar-2026 12:20:12.993 INFO [main] org.apache.catalina.startup.VersionLoggerListener.log Command line argument: --add-opens=java.base/java.lang.invoke=ALL-UNNAMED
06-Mar-2026 12:20:12.993 INFO [main] org.apache.catalina.startup.VersionLoggerListener.log Command line argument: --add-opens=java.base/java.lang.reflect=ALL-UNNAMED
06-Mar-2026 12:20:12.993 INFO [main] org.apache.catalina.startup.VersionLoggerListener.log Command line argument: --add-opens=java.base/java.io=ALL-UNNAMED
06-Mar-2026 12:20:12.993 INFO [main] org.apache.catalina.startup.VersionLoggerListener.log Command line argument: --add-opens=java.base/java.util=ALL-UNNAMED
06-Mar-2026 12:20:12.993 INFO [main] org.apache.catalina.startup.VersionLoggerListener.log Command line argument: --add-opens=java.base/java.util.concurrent=ALL-UNNAMED
06-Mar-2026 12:20:12.993 INFO [main] org.apache.catalina.startup.VersionLoggerListener.log Command line argument: --add-opens=java.rmi/sun.rmi.transport=ALL-UNNAMED
06-Mar-2026 12:20:12.993 INFO [main] org.apache.catalina.startup.VersionLoggerListener.log Command line argument: -Djava.util.logging.config.file=/home/pict/apache-tomcat-9.0.115/conf/logging.properties
06-Mar-2026 12:20:12.993 INFO [main] org.apache.catalina.startup.VersionLoggerListener.log Command line argument: -Djava.util.logging.manager=org.apache.juli.ClassLoaderLogManager
06-Mar-2026 12:20:12.993 INFO [main] org.apache.catalina.startup.VersionLoggerListener.log Command line argument: -Djdk.tls.ephemeralDHKeySize=2048
06-Mar-2026 12:20:12.994 INFO [main] org.apache.catalina.startup.VersionLoggerListener.log Command line argument: -Djava.protocol.handler.pkgs=org.apache.catalina.webresources
06-Mar-2026 12:20:12.994 INFO [main] org.apache.catalina.startup.VersionLoggerListener.log Command line argument: -Dsun.io.useCanonCaches=false
06-Mar-2026 12:20:12.994 INFO [main] org.apache.catalina.startup.VersionLoggerListener.log Command line argument: -Dorg.apache.catalina.security.SecurityListener.UMASK=0027
06-Mar-2026 12:20:12.994 INFO [main] org.apache.catalina.startup.VersionLoggerListener.log Command line argument: -Dignore.endorsed.dirs=
06-Mar-2026 12:20:12.994 INFO [main] org.apache.catalina.startup.VersionLoggerListener.log Command line argument: -Dcatalina.base=/home/pict/apache-tomcat-9.0.115
06-Mar-2026 12:20:12.994 INFO [main] org.apache.catalina.startup.VersionLoggerListener.log Command line argument: -Dcatalina.home=/home/pict/apache-tomcat-9.0.115
06-Mar-2026 12:20:12.994 INFO [main] org.apache.catalina.startup.VersionLoggerListener.log Command line argument: -Djava.io.tmpdir=/home/pict/apache-tomcat-9.0.115/temp
06-Mar-2026 12:20:12.995 INFO [main] org.apache.catalina.core.AprLifecycleListener.lifecycleEvent The Apache Tomcat Native library which allows using OpenSSL was not found on the java.library.path: [/usr/java/packages/lib:/usr/lib/x86_64-linux-gnu/jni:/lib/x86_64-linux-gnu:/usr/lib/x86_64-linux-gnu:/usr/lib/jni:/lib:/usr/lib]
06-Mar-2026 12:20:13.139 INFO [main] org.apache.coyote.AbstractProtocol.init Initializing ProtocolHandler ["http-nio-8080"]
06-Mar-2026 12:20:13.145 SEVERE [main] org.apache.catalina.util.LifecycleBase.handleSubClassException Failed to initialize component [Connector["http-nio-8080"]]
	org.apache.catalina.LifecycleException: Protocol handler initialization failed
		at org.apache.catalina.connector.Connector.initInternal(Connector.java:1084)
		at org.apache.catalina.util.LifecycleBase.init(LifecycleBase.java:122)
		at org.apache.catalina.core.StandardService.initInternal(StandardService.java:520)
		at org.apache.catalina.util.LifecycleBase.init(LifecycleBase.java:122)
		at org.apache.catalina.core.StandardServer.initInternal(StandardServer.java:984)
		at org.apache.catalina.util.LifecycleBase.init(LifecycleBase.java:122)
		at org.apache.catalina.startup.Catalina.load(Catalina.java:687)
		at org.apache.catalina.startup.Catalina.load(Catalina.java:710)
		at java.base/jdk.internal.reflect.NativeMethodAccessorImpl.invoke0(Native Method)
		at java.base/jdk.internal.reflect.NativeMethodAccessorImpl.invoke(NativeMethodAccessorImpl.java:62)
		at java.base/jdk.internal.reflect.DelegatingMethodAccessorImpl.invoke(DelegatingMethodAccessorImpl.java:43)
		at java.base/java.lang.reflect.Method.invoke(Method.java:566)
		at org.apache.catalina.startup.Bootstrap.load(Bootstrap.java:299)
		at org.apache.catalina.startup.Bootstrap.main(Bootstrap.java:472)
	Caused by: java.net.BindException: Address already in use
		at java.base/sun.nio.ch.Net.bind0(Native Method)
		at java.base/sun.nio.ch.Net.bind(Net.java:459)
		at java.base/sun.nio.ch.Net.bind(Net.java:448)
		at java.base/sun.nio.ch.ServerSocketChannelImpl.bind(ServerSocketChannelImpl.java:227)
		at org.apache.tomcat.util.net.NioEndpoint.initServerSocket(NioEndpoint.java:296)
		at org.apache.tomcat.util.net.NioEndpoint.bind(NioEndpoint.java:251)
		at org.apache.tomcat.util.net.AbstractEndpoint.bindWithCleanup(AbstractEndpoint.java:1497)
		at org.apache.tomcat.util.net.AbstractEndpoint.init(AbstractEndpoint.java:1510)
		at org.apache.coyote.AbstractProtocol.init(AbstractProtocol.java:667)
		at org.apache.coyote.http11.AbstractHttp11Protocol.init(AbstractHttp11Protocol.java:80)
		at org.apache.catalina.connector.Connector.initInternal(Connector.java:1082)
		... 13 more
06-Mar-2026 12:20:13.146 INFO [main] org.apache.catalina.startup.Catalina.load Server initialization in [243] milliseconds
06-Mar-2026 12:20:13.172 INFO [main] org.apache.catalina.core.StandardService.startInternal Starting service [Catalina]
06-Mar-2026 12:20:13.172 INFO [main] org.apache.catalina.core.StandardEngine.startInternal Starting Servlet engine: [Apache Tomcat/9.0.115]
06-Mar-2026 12:20:13.175 INFO [main] org.apache.catalina.startup.HostConfig.deployDirectory Deploying web application directory [/home/pict/apache-tomcat-9.0.115/webapps/ROOT]
06-Mar-2026 12:20:13.282 INFO [main] org.apache.catalina.startup.HostConfig.deployDirectory Deployment of web application directory [/home/pict/apache-tomcat-9.0.115/webapps/ROOT] has finished in [107] ms
06-Mar-2026 12:20:13.283 INFO [main] org.apache.catalina.startup.HostConfig.deployDirectory Deploying web application directory [/home/pict/apache-tomcat-9.0.115/webapps/docs]
06-Mar-2026 12:20:13.294 INFO [main] org.apache.catalina.startup.HostConfig.deployDirectory Deployment of web application directory [/home/pict/apache-tomcat-9.0.115/webapps/docs] has finished in [11] ms
06-Mar-2026 12:20:13.294 INFO [main] org.apache.catalina.startup.HostConfig.deployDirectory Deploying web application directory [/home/pict/apache-tomcat-9.0.115/webapps/hello]
06-Mar-2026 12:20:13.312 INFO [main] org.apache.catalina.startup.HostConfig.deployDirectory Deployment of web application directory [/home/pict/apache-tomcat-9.0.115/webapps/hello] has finished in [18] ms
06-Mar-2026 12:20:13.312 INFO [main] org.apache.catalina.startup.HostConfig.deployDirectory Deploying web application directory [/home/pict/apache-tomcat-9.0.115/webapps/host-manager]
06-Mar-2026 12:20:13.326 INFO [main] org.apache.catalina.startup.HostConfig.deployDirectory Deployment of web application directory [/home/pict/apache-tomcat-9.0.115/webapps/host-manager] has finished in [14] ms
06-Mar-2026 12:20:13.326 INFO [main] org.apache.catalina.startup.HostConfig.deployDirectory Deploying web application directory [/home/pict/apache-tomcat-9.0.115/webapps/manager]
06-Mar-2026 12:20:13.336 INFO [main] org.apache.catalina.startup.HostConfig.deployDirectory Deployment of web application directory [/home/pict/apache-tomcat-9.0.115/webapps/manager] has finished in [10] ms
06-Mar-2026 12:20:13.336 INFO [main] org.apache.catalina.startup.HostConfig.deployDirectory Deploying web application directory [/home/pict/apache-tomcat-9.0.115/webapps/examples]
06-Mar-2026 12:20:13.415 INFO [main] org.apache.catalina.startup.HostConfig.deployDirectory Deployment of web application directory [/home/pict/apache-tomcat-9.0.115/webapps/examples] has finished in [79] ms
06-Mar-2026 12:20:13.418 INFO [main] org.apache.catalina.startup.Catalina.start Server startup in [272] milliseconds
06-Mar-2026 12:20:13.419 SEVERE [main] org.apache.catalina.core.StandardServer.await Failed to create server shutdown socket on address [localhost] and port [8005] (base port [8005] and offset [0])
	java.net.BindException: Address already in use (Bind failed)
		at java.base/java.net.PlainSocketImpl.socketBind(Native Method)
		at java.base/java.net.AbstractPlainSocketImpl.bind(AbstractPlainSocketImpl.java:452)
		at java.base/java.net.ServerSocket.bind(ServerSocket.java:395)
		at java.base/java.net.ServerSocket.<init>(ServerSocket.java:257)
		at org.apache.catalina.core.StandardServer.await(StandardServer.java:535)
		at org.apache.catalina.startup.Catalina.await(Catalina.java:826)
		at org.apache.catalina.startup.Catalina.start(Catalina.java:774)
		at java.base/jdk.internal.reflect.NativeMethodAccessorImpl.invoke0(Native Method)
		at java.base/jdk.internal.reflect.NativeMethodAccessorImpl.invoke(NativeMethodAccessorImpl.java:62)
		at java.base/jdk.internal.reflect.DelegatingMethodAccessorImpl.invoke(DelegatingMethodAccessorImpl.java:43)
		at java.base/java.lang.reflect.Method.invoke(Method.java:566)
		at org.apache.catalina.startup.Bootstrap.start(Bootstrap.java:342)
		at org.apache.catalina.startup.Bootstrap.main(Bootstrap.java:473)
06-Mar-2026 12:20:13.420 INFO [main] org.apache.coyote.AbstractProtocol.pause Pausing ProtocolHandler ["http-nio-8080"]
06-Mar-2026 12:20:13.420 INFO [main] org.apache.catalina.core.StandardService.stopInternal Stopping service [Catalina]
06-Mar-2026 12:20:13.430 INFO [main] org.apache.coyote.AbstractProtocol.stop Stopping ProtocolHandler ["http-nio-8080"]
06-Mar-2026 12:20:13.431 INFO [main] org.apache.coyote.AbstractProtocol.destroy Destroying ProtocolHandler ["http-nio-8080"]
06-Mar-2026 12:21:28.499 INFO [main] org.apache.catalina.core.StandardServer.await A valid shutdown command was received via the shutdown port. Stopping the Server instance.
06-Mar-2026 12:21:28.499 INFO [main] org.apache.coyote.AbstractProtocol.pause Pausing ProtocolHandler ["http-nio-8080"]
06-Mar-2026 12:21:28.500 INFO [main] org.apache.catalina.core.StandardService.stopInternal Stopping service [Catalina]
06-Mar-2026 12:21:28.509 INFO [main] org.apache.coyote.AbstractProtocol.stop Stopping ProtocolHandler ["http-nio-8080"]
06-Mar-2026 12:21:28.512 INFO [main] org.apache.coyote.AbstractProtocol.destroy Destroying ProtocolHandler ["http-nio-8080"]
06-Mar-2026 12:21:30.538 INFO [main] org.apache.catalina.startup.VersionLoggerListener.log Server version name:   Apache Tomcat/9.0.115
06-Mar-2026 12:21:30.540 INFO [main] org.apache.catalina.startup.VersionLoggerListener.log Server built:          Jan 21 2026 08:17:26 UTC
06-Mar-2026 12:21:30.540 INFO [main] org.apache.catalina.startup.VersionLoggerListener.log Server version number: 9.0.115.0
06-Mar-2026 12:21:30.540 INFO [main] org.apache.catalina.startup.VersionLoggerListener.log OS Name:               Linux
06-Mar-2026 12:21:30.540 INFO [main] org.apache.catalina.startup.VersionLoggerListener.log OS Version:            5.15.0-139-generic
06-Mar-2026 12:21:30.540 INFO [main] org.apache.catalina.startup.VersionLoggerListener.log Architecture:          amd64
06-Mar-2026 12:21:30.540 INFO [main] org.apache.catalina.startup.VersionLoggerListener.log Java Home:             /usr/lib/jvm/java-11-openjdk-amd64
06-Mar-2026 12:21:30.540 INFO [main] org.apache.catalina.startup.VersionLoggerListener.log JVM Version:           11.0.27+6-post-Ubuntu-0ubuntu120.04
06-Mar-2026 12:21:30.540 INFO [main] org.apache.catalina.startup.VersionLoggerListener.log JVM Vendor:            Ubuntu
06-Mar-2026 12:21:30.541 INFO [main] org.apache.catalina.startup.VersionLoggerListener.log CATALINA_BASE:         /home/pict/apache-tomcat-9.0.115
06-Mar-2026 12:21:30.541 INFO [main] org.apache.catalina.startup.VersionLoggerListener.log CATALINA_HOME:         /home/pict/apache-tomcat-9.0.115
06-Mar-2026 12:21:30.546 INFO [main] org.apache.catalina.startup.VersionLoggerListener.log Command line argument: --add-opens=java.base/java.lang=ALL-UNNAMED
06-Mar-2026 12:21:30.546 INFO [main] org.apache.catalina.startup.VersionLoggerListener.log Command line argument: --add-opens=java.base/java.lang.invoke=ALL-UNNAMED
06-Mar-2026 12:21:30.546 INFO [main] org.apache.catalina.startup.VersionLoggerListener.log Command line argument: --add-opens=java.base/java.lang.reflect=ALL-UNNAMED
06-Mar-2026 12:21:30.546 INFO [main] org.apache.catalina.startup.VersionLoggerListener.log Command line argument: --add-opens=java.base/java.io=ALL-UNNAMED
06-Mar-2026 12:21:30.546 INFO [main] org.apache.catalina.startup.VersionLoggerListener.log Command line argument: --add-opens=java.base/java.util=ALL-UNNAMED
06-Mar-2026 12:21:30.546 INFO [main] org.apache.catalina.startup.VersionLoggerListener.log Command line argument: --add-opens=java.base/java.util.concurrent=ALL-UNNAMED
06-Mar-2026 12:21:30.546 INFO [main] org.apache.catalina.startup.VersionLoggerListener.log Command line argument: --add-opens=java.rmi/sun.rmi.transport=ALL-UNNAMED
06-Mar-2026 12:21:30.546 INFO [main] org.apache.catalina.startup.VersionLoggerListener.log Command line argument: -Djava.util.logging.config.file=/home/pict/apache-tomcat-9.0.115/conf/logging.properties
06-Mar-2026 12:21:30.546 INFO [main] org.apache.catalina.startup.VersionLoggerListener.log Command line argument: -Djava.util.logging.manager=org.apache.juli.ClassLoaderLogManager
06-Mar-2026 12:21:30.546 INFO [main] org.apache.catalina.startup.VersionLoggerListener.log Command line argument: -Djdk.tls.ephemeralDHKeySize=2048
06-Mar-2026 12:21:30.546 INFO [main] org.apache.catalina.startup.VersionLoggerListener.log Command line argument: -Djava.protocol.handler.pkgs=org.apache.catalina.webresources
06-Mar-2026 12:21:30.546 INFO [main] org.apache.catalina.startup.VersionLoggerListener.log Command line argument: -Dsun.io.useCanonCaches=false
06-Mar-2026 12:21:30.546 INFO [main] org.apache.catalina.startup.VersionLoggerListener.log Command line argument: -Dorg.apache.catalina.security.SecurityListener.UMASK=0027
06-Mar-2026 12:21:30.547 INFO [main] org.apache.catalina.startup.VersionLoggerListener.log Command line argument: -Dignore.endorsed.dirs=
06-Mar-2026 12:21:30.547 INFO [main] org.apache.catalina.startup.VersionLoggerListener.log Command line argument: -Dcatalina.base=/home/pict/apache-tomcat-9.0.115
06-Mar-2026 12:21:30.547 INFO [main] org.apache.catalina.startup.VersionLoggerListener.log Command line argument: -Dcatalina.home=/home/pict/apache-tomcat-9.0.115
06-Mar-2026 12:21:30.547 INFO [main] org.apache.catalina.startup.VersionLoggerListener.log Command line argument: -Djava.io.tmpdir=/home/pict/apache-tomcat-9.0.115/temp
06-Mar-2026 12:21:30.548 INFO [main] org.apache.catalina.core.AprLifecycleListener.lifecycleEvent The Apache Tomcat Native library which allows using OpenSSL was not found on the java.library.path: [/usr/java/packages/lib:/usr/lib/x86_64-linux-gnu/jni:/lib/x86_64-linux-gnu:/usr/lib/x86_64-linux-gnu:/usr/lib/jni:/lib:/usr/lib]
06-Mar-2026 12:21:30.706 INFO [main] org.apache.coyote.AbstractProtocol.init Initializing ProtocolHandler ["http-nio-8080"]
06-Mar-2026 12:21:30.715 INFO [main] org.apache.catalina.startup.Catalina.load Server initialization in [261] milliseconds
06-Mar-2026 12:21:30.740 INFO [main] org.apache.catalina.core.StandardService.startInternal Starting service [Catalina]
06-Mar-2026 12:21:30.740 INFO [main] org.apache.catalina.core.StandardEngine.startInternal Starting Servlet engine: [Apache Tomcat/9.0.115]
06-Mar-2026 12:21:30.744 INFO [main] org.apache.catalina.startup.HostConfig.deployDirectory Deploying web application directory [/home/pict/apache-tomcat-9.0.115/webapps/ROOT]
06-Mar-2026 12:21:30.851 INFO [main] org.apache.catalina.startup.HostConfig.deployDirectory Deployment of web application directory [/home/pict/apache-tomcat-9.0.115/webapps/ROOT] has finished in [107] ms
06-Mar-2026 12:21:30.851 INFO [main] org.apache.catalina.startup.HostConfig.deployDirectory Deploying web application directory [/home/pict/apache-tomcat-9.0.115/webapps/docs]
06-Mar-2026 12:21:30.862 INFO [main] org.apache.catalina.startup.HostConfig.deployDirectory Deployment of web application directory [/home/pict/apache-tomcat-9.0.115/webapps/docs] has finished in [11] ms
06-Mar-2026 12:21:30.862 INFO [main] org.apache.catalina.startup.HostConfig.deployDirectory Deploying web application directory [/home/pict/apache-tomcat-9.0.115/webapps/hello]
06-Mar-2026 12:21:30.880 INFO [main] org.apache.catalina.startup.HostConfig.deployDirectory Deployment of web application directory [/home/pict/apache-tomcat-9.0.115/webapps/hello] has finished in [18] ms
06-Mar-2026 12:21:30.880 INFO [main] org.apache.catalina.startup.HostConfig.deployDirectory Deploying web application directory [/home/pict/apache-tomcat-9.0.115/webapps/host-manager]
06-Mar-2026 12:21:30.894 INFO [main] org.apache.catalina.startup.HostConfig.deployDirectory Deployment of web application directory [/home/pict/apache-tomcat-9.0.115/webapps/host-manager] has finished in [14] ms
06-Mar-2026 12:21:30.894 INFO [main] org.apache.catalina.startup.HostConfig.deployDirectory Deploying web application directory [/home/pict/apache-tomcat-9.0.115/webapps/manager]
06-Mar-2026 12:21:30.905 INFO [main] org.apache.catalina.startup.HostConfig.deployDirectory Deployment of web application directory [/home/pict/apache-tomcat-9.0.115/webapps/manager] has finished in [10] ms
06-Mar-2026 12:21:30.905 INFO [main] org.apache.catalina.startup.HostConfig.deployDirectory Deploying web application directory [/home/pict/apache-tomcat-9.0.115/webapps/examples]
06-Mar-2026 12:21:30.985 INFO [main] org.apache.catalina.startup.HostConfig.deployDirectory Deployment of web application directory [/home/pict/apache-tomcat-9.0.115/webapps/examples] has finished in [80] ms
06-Mar-2026 12:21:30.987 INFO [main] org.apache.coyote.AbstractProtocol.start Starting ProtocolHandler ["http-nio-8080"]
06-Mar-2026 12:21:30.992 INFO [main] org.apache.catalina.startup.Catalina.start Server startup in [276] milliseconds
06-Mar-2026 12:22:41.004 INFO [Catalina-utility-1] org.apache.catalina.startup.HostConfig.reload Reloading context [/hello]
06-Mar-2026 12:22:41.006 INFO [Catalina-utility-1] org.apache.catalina.core.StandardContext.reload Reloading Context with name [/hello] has started
06-Mar-2026 12:22:41.037 INFO [Catalina-utility-1] org.apache.catalina.core.StandardContext.reload Reloading Context with name [/hello] is completed
06-Mar-2026 12:22:58.562 INFO [main] org.apache.catalina.core.StandardServer.await A valid shutdown command was received via the shutdown port. Stopping the Server instance.
06-Mar-2026 12:22:58.562 INFO [main] org.apache.coyote.AbstractProtocol.pause Pausing ProtocolHandler ["http-nio-8080"]
06-Mar-2026 12:22:58.563 INFO [main] org.apache.catalina.core.StandardService.stopInternal Stopping service [Catalina]
06-Mar-2026 12:22:58.579 INFO [main] org.apache.coyote.AbstractProtocol.stop Stopping ProtocolHandler ["http-nio-8080"]
06-Mar-2026 12:22:58.586 INFO [main] org.apache.coyote.AbstractProtocol.destroy Destroying ProtocolHandler ["http-nio-8080"]
06-Mar-2026 12:22:59.864 INFO [main] org.apache.catalina.startup.VersionLoggerListener.log Server version name:   Apache Tomcat/9.0.115
06-Mar-2026 12:22:59.866 INFO [main] org.apache.catalina.startup.VersionLoggerListener.log Server built:          Jan 21 2026 08:17:26 UTC
06-Mar-2026 12:22:59.866 INFO [main] org.apache.catalina.startup.VersionLoggerListener.log Server version number: 9.0.115.0
06-Mar-2026 12:22:59.866 INFO [main] org.apache.catalina.startup.VersionLoggerListener.log OS Name:               Linux
06-Mar-2026 12:22:59.866 INFO [main] org.apache.catalina.startup.VersionLoggerListener.log OS Version:            5.15.0-139-generic
06-Mar-2026 12:22:59.866 INFO [main] org.apache.catalina.startup.VersionLoggerListener.log Architecture:          amd64
06-Mar-2026 12:22:59.866 INFO [main] org.apache.catalina.startup.VersionLoggerListener.log Java Home:             /usr/lib/jvm/java-11-openjdk-amd64
06-Mar-2026 12:22:59.866 INFO [main] org.apache.catalina.startup.VersionLoggerListener.log JVM Version:           11.0.27+6-post-Ubuntu-0ubuntu120.04
06-Mar-2026 12:22:59.867 INFO [main] org.apache.catalina.startup.VersionLoggerListener.log JVM Vendor:            Ubuntu
06-Mar-2026 12:22:59.867 INFO [main] org.apache.catalina.startup.VersionLoggerListener.log CATALINA_BASE:         /home/pict/apache-tomcat-9.0.115
06-Mar-2026 12:22:59.867 INFO [main] org.apache.catalina.startup.VersionLoggerListener.log CATALINA_HOME:         /home/pict/apache-tomcat-9.0.115
06-Mar-2026 12:22:59.872 INFO [main] org.apache.catalina.startup.VersionLoggerListener.log Command line argument: --add-opens=java.base/java.lang=ALL-UNNAMED
06-Mar-2026 12:22:59.872 INFO [main] org.apache.catalina.startup.VersionLoggerListener.log Command line argument: --add-opens=java.base/java.lang.invoke=ALL-UNNAMED
06-Mar-2026 12:22:59.872 INFO [main] org.apache.catalina.startup.VersionLoggerListener.log Command line argument: --add-opens=java.base/java.lang.reflect=ALL-UNNAMED
06-Mar-2026 12:22:59.872 INFO [main] org.apache.catalina.startup.VersionLoggerListener.log Command line argument: --add-opens=java.base/java.io=ALL-UNNAMED
06-Mar-2026 12:22:59.872 INFO [main] org.apache.catalina.startup.VersionLoggerListener.log Command line argument: --add-opens=java.base/java.util=ALL-UNNAMED
06-Mar-2026 12:22:59.872 INFO [main] org.apache.catalina.startup.VersionLoggerListener.log Command line argument: --add-opens=java.base/java.util.concurrent=ALL-UNNAMED
06-Mar-2026 12:22:59.872 INFO [main] org.apache.catalina.startup.VersionLoggerListener.log Command line argument: --add-opens=java.rmi/sun.rmi.transport=ALL-UNNAMED
06-Mar-2026 12:22:59.872 INFO [main] org.apache.catalina.startup.VersionLoggerListener.log Command line argument: -Djava.util.logging.config.file=/home/pict/apache-tomcat-9.0.115/conf/logging.properties
06-Mar-2026 12:22:59.872 INFO [main] org.apache.catalina.startup.VersionLoggerListener.log Command line argument: -Djava.util.logging.manager=org.apache.juli.ClassLoaderLogManager
06-Mar-2026 12:22:59.872 INFO [main] org.apache.catalina.startup.VersionLoggerListener.log Command line argument: -Djdk.tls.ephemeralDHKeySize=2048
06-Mar-2026 12:22:59.872 INFO [main] org.apache.catalina.startup.VersionLoggerListener.log Command line argument: -Djava.protocol.handler.pkgs=org.apache.catalina.webresources
06-Mar-2026 12:22:59.873 INFO [main] org.apache.catalina.startup.VersionLoggerListener.log Command line argument: -Dsun.io.useCanonCaches=false
06-Mar-2026 12:22:59.873 INFO [main] org.apache.catalina.startup.VersionLoggerListener.log Command line argument: -Dorg.apache.catalina.security.SecurityListener.UMASK=0027
06-Mar-2026 12:22:59.873 INFO [main] org.apache.catalina.startup.VersionLoggerListener.log Command line argument: -Dignore.endorsed.dirs=
06-Mar-2026 12:22:59.873 INFO [main] org.apache.catalina.startup.VersionLoggerListener.log Command line argument: -Dcatalina.base=/home/pict/apache-tomcat-9.0.115
06-Mar-2026 12:22:59.873 INFO [main] org.apache.catalina.startup.VersionLoggerListener.log Command line argument: -Dcatalina.home=/home/pict/apache-tomcat-9.0.115
06-Mar-2026 12:22:59.873 INFO [main] org.apache.catalina.startup.VersionLoggerListener.log Command line argument: -Djava.io.tmpdir=/home/pict/apache-tomcat-9.0.115/temp
06-Mar-2026 12:22:59.874 INFO [main] org.apache.catalina.core.AprLifecycleListener.lifecycleEvent The Apache Tomcat Native library which allows using OpenSSL was not found on the java.library.path: [/usr/java/packages/lib:/usr/lib/x86_64-linux-gnu/jni:/lib/x86_64-linux-gnu:/usr/lib/x86_64-linux-gnu:/usr/lib/jni:/lib:/usr/lib]
06-Mar-2026 12:23:00.093 INFO [main] org.apache.coyote.AbstractProtocol.init Initializing ProtocolHandler ["http-nio-8080"]
06-Mar-2026 12:23:00.104 INFO [main] org.apache.catalina.startup.Catalina.load Server initialization in [324] milliseconds
06-Mar-2026 12:23:00.129 INFO [main] org.apache.catalina.core.StandardService.startInternal Starting service [Catalina]
06-Mar-2026 12:23:00.129 INFO [main] org.apache.catalina.core.StandardEngine.startInternal Starting Servlet engine: [Apache Tomcat/9.0.115]
06-Mar-2026 12:23:00.133 INFO [main] org.apache.catalina.startup.HostConfig.deployDirectory Deploying web application directory [/home/pict/apache-tomcat-9.0.115/webapps/ROOT]
06-Mar-2026 12:23:00.241 INFO [main] org.apache.catalina.startup.HostConfig.deployDirectory Deployment of web application directory [/home/pict/apache-tomcat-9.0.115/webapps/ROOT] has finished in [108] ms
06-Mar-2026 12:23:00.241 INFO [main] org.apache.catalina.startup.HostConfig.deployDirectory Deploying web application directory [/home/pict/apache-tomcat-9.0.115/webapps/docs]
06-Mar-2026 12:23:00.253 INFO [main] org.apache.catalina.startup.HostConfig.deployDirectory Deployment of web application directory [/home/pict/apache-tomcat-9.0.115/webapps/docs] has finished in [12] ms
06-Mar-2026 12:23:00.253 INFO [main] org.apache.catalina.startup.HostConfig.deployDirectory Deploying web application directory [/home/pict/apache-tomcat-9.0.115/webapps/hello]
06-Mar-2026 12:23:00.271 INFO [main] org.apache.catalina.startup.HostConfig.deployDirectory Deployment of web application directory [/home/pict/apache-tomcat-9.0.115/webapps/hello] has finished in [18] ms
06-Mar-2026 12:23:00.271 INFO [main] org.apache.catalina.startup.HostConfig.deployDirectory Deploying web application directory [/home/pict/apache-tomcat-9.0.115/webapps/host-manager]
06-Mar-2026 12:23:00.285 INFO [main] org.apache.catalina.startup.HostConfig.deployDirectory Deployment of web application directory [/home/pict/apache-tomcat-9.0.115/webapps/host-manager] has finished in [14] ms
06-Mar-2026 12:23:00.285 INFO [main] org.apache.catalina.startup.HostConfig.deployDirectory Deploying web application directory [/home/pict/apache-tomcat-9.0.115/webapps/manager]
06-Mar-2026 12:23:00.296 INFO [main] org.apache.catalina.startup.HostConfig.deployDirectory Deployment of web application directory [/home/pict/apache-tomcat-9.0.115/webapps/manager] has finished in [10] ms
06-Mar-2026 12:23:00.296 INFO [main] org.apache.catalina.startup.HostConfig.deployDirectory Deploying web application directory [/home/pict/apache-tomcat-9.0.115/webapps/examples]
06-Mar-2026 12:23:00.374 INFO [main] org.apache.catalina.startup.HostConfig.deployDirectory Deployment of web application directory [/home/pict/apache-tomcat-9.0.115/webapps/examples] has finished in [77] ms
06-Mar-2026 12:23:00.377 INFO [main] org.apache.coyote.AbstractProtocol.start Starting ProtocolHandler ["http-nio-8080"]
06-Mar-2026 12:23:00.382 INFO [main] org.apache.catalina.startup.Catalina.start Server startup in [277] milliseconds
06-Mar-2026 12:24:20.396 INFO [Catalina-utility-1] org.apache.catalina.startup.HostConfig.reload Reloading context [/hello]
06-Mar-2026 12:24:20.398 INFO [Catalina-utility-1] org.apache.catalina.core.StandardContext.reload Reloading Context with name [/hello] has started
06-Mar-2026 12:24:20.436 INFO [Catalina-utility-1] org.apache.catalina.core.StandardContext.reload Reloading Context with name [/hello] is completed
06-Mar-2026 12:24:27.513 INFO [main] org.apache.catalina.core.StandardServer.await A valid shutdown command was received via the shutdown port. Stopping the Server instance.
06-Mar-2026 12:24:27.514 INFO [main] org.apache.coyote.AbstractProtocol.pause Pausing ProtocolHandler ["http-nio-8080"]
06-Mar-2026 12:24:27.515 INFO [main] org.apache.catalina.core.StandardService.stopInternal Stopping service [Catalina]
06-Mar-2026 12:24:27.524 INFO [main] org.apache.coyote.AbstractProtocol.stop Stopping ProtocolHandler ["http-nio-8080"]
06-Mar-2026 12:24:27.528 INFO [main] org.apache.coyote.AbstractProtocol.destroy Destroying ProtocolHandler ["http-nio-8080"]
06-Mar-2026 12:24:28.680 INFO [main] org.apache.catalina.startup.VersionLoggerListener.log Server version name:   Apache Tomcat/9.0.115
06-Mar-2026 12:24:28.682 INFO [main] org.apache.catalina.startup.VersionLoggerListener.log Server built:          Jan 21 2026 08:17:26 UTC
06-Mar-2026 12:24:28.682 INFO [main] org.apache.catalina.startup.VersionLoggerListener.log Server version number: 9.0.115.0
06-Mar-2026 12:24:28.682 INFO [main] org.apache.catalina.startup.VersionLoggerListener.log OS Name:               Linux
06-Mar-2026 12:24:28.682 INFO [main] org.apache.catalina.startup.VersionLoggerListener.log OS Version:            5.15.0-139-generic
06-Mar-2026 12:24:28.682 INFO [main] org.apache.catalina.startup.VersionLoggerListener.log Architecture:          amd64
06-Mar-2026 12:24:28.682 INFO [main] org.apache.catalina.startup.VersionLoggerListener.log Java Home:             /usr/lib/jvm/java-11-openjdk-amd64
06-Mar-2026 12:24:28.682 INFO [main] org.apache.catalina.startup.VersionLoggerListener.log JVM Version:           11.0.27+6-post-Ubuntu-0ubuntu120.04
06-Mar-2026 12:24:28.682 INFO [main] org.apache.catalina.startup.VersionLoggerListener.log JVM Vendor:            Ubuntu
06-Mar-2026 12:24:28.682 INFO [main] org.apache.catalina.startup.VersionLoggerListener.log CATALINA_BASE:         /home/pict/apache-tomcat-9.0.115
06-Mar-2026 12:24:28.682 INFO [main] org.apache.catalina.startup.VersionLoggerListener.log CATALINA_HOME:         /home/pict/apache-tomcat-9.0.115
06-Mar-2026 12:24:28.687 INFO [main] org.apache.catalina.startup.VersionLoggerListener.log Command line argument: --add-opens=java.base/java.lang=ALL-UNNAMED
06-Mar-2026 12:24:28.687 INFO [main] org.apache.catalina.startup.VersionLoggerListener.log Command line argument: --add-opens=java.base/java.lang.invoke=ALL-UNNAMED
06-Mar-2026 12:24:28.687 INFO [main] org.apache.catalina.startup.VersionLoggerListener.log Command line argument: --add-opens=java.base/java.lang.reflect=ALL-UNNAMED
06-Mar-2026 12:24:28.687 INFO [main] org.apache.catalina.startup.VersionLoggerListener.log Command line argument: --add-opens=java.base/java.io=ALL-UNNAMED
06-Mar-2026 12:24:28.687 INFO [main] org.apache.catalina.startup.VersionLoggerListener.log Command line argument: --add-opens=java.base/java.util=ALL-UNNAMED
06-Mar-2026 12:24:28.688 INFO [main] org.apache.catalina.startup.VersionLoggerListener.log Command line argument: --add-opens=java.base/java.util.concurrent=ALL-UNNAMED
06-Mar-2026 12:24:28.688 INFO [main] org.apache.catalina.startup.VersionLoggerListener.log Command line argument: --add-opens=java.rmi/sun.rmi.transport=ALL-UNNAMED
06-Mar-2026 12:24:28.688 INFO [main] org.apache.catalina.startup.VersionLoggerListener.log Command line argument: -Djava.util.logging.config.file=/home/pict/apache-tomcat-9.0.115/conf/logging.properties
06-Mar-2026 12:24:28.688 INFO [main] org.apache.catalina.startup.VersionLoggerListener.log Command line argument: -Djava.util.logging.manager=org.apache.juli.ClassLoaderLogManager
06-Mar-2026 12:24:28.688 INFO [main] org.apache.catalina.startup.VersionLoggerListener.log Command line argument: -Djdk.tls.ephemeralDHKeySize=2048
06-Mar-2026 12:24:28.688 INFO [main] org.apache.catalina.startup.VersionLoggerListener.log Command line argument: -Djava.protocol.handler.pkgs=org.apache.catalina.webresources
06-Mar-2026 12:24:28.688 INFO [main] org.apache.catalina.startup.VersionLoggerListener.log Command line argument: -Dsun.io.useCanonCaches=false
06-Mar-2026 12:24:28.688 INFO [main] org.apache.catalina.startup.VersionLoggerListener.log Command line argument: -Dorg.apache.catalina.security.SecurityListener.UMASK=0027
06-Mar-2026 12:24:28.688 INFO [main] org.apache.catalina.startup.VersionLoggerListener.log Command line argument: -Dignore.endorsed.dirs=
06-Mar-2026 12:24:28.688 INFO [main] org.apache.catalina.startup.VersionLoggerListener.log Command line argument: -Dcatalina.base=/home/pict/apache-tomcat-9.0.115
06-Mar-2026 12:24:28.688 INFO [main] org.apache.catalina.startup.VersionLoggerListener.log Command line argument: -Dcatalina.home=/home/pict/apache-tomcat-9.0.115
06-Mar-2026 12:24:28.688 INFO [main] org.apache.catalina.startup.VersionLoggerListener.log Command line argument: -Djava.io.tmpdir=/home/pict/apache-tomcat-9.0.115/temp
06-Mar-2026 12:24:28.689 INFO [main] org.apache.catalina.core.AprLifecycleListener.lifecycleEvent The Apache Tomcat Native library which allows using OpenSSL was not found on the java.library.path: [/usr/java/packages/lib:/usr/lib/x86_64-linux-gnu/jni:/lib/x86_64-linux-gnu:/usr/lib/x86_64-linux-gnu:/usr/lib/jni:/lib:/usr/lib]
06-Mar-2026 12:24:28.833 INFO [main] org.apache.coyote.AbstractProtocol.init Initializing ProtocolHandler ["http-nio-8080"]
06-Mar-2026 12:24:28.842 INFO [main] org.apache.catalina.startup.Catalina.load Server initialization in [247] milliseconds
06-Mar-2026 12:24:28.866 INFO [main] org.apache.catalina.core.StandardService.startInternal Starting service [Catalina]
06-Mar-2026 12:24:28.867 INFO [main] org.apache.catalina.core.StandardEngine.startInternal Starting Servlet engine: [Apache Tomcat/9.0.115]
06-Mar-2026 12:24:28.870 INFO [main] org.apache.catalina.startup.HostConfig.deployDirectory Deploying web application directory [/home/pict/apache-tomcat-9.0.115/webapps/ROOT]
06-Mar-2026 12:24:28.979 INFO [main] org.apache.catalina.startup.HostConfig.deployDirectory Deployment of web application directory [/home/pict/apache-tomcat-9.0.115/webapps/ROOT] has finished in [109] ms
06-Mar-2026 12:24:28.979 INFO [main] org.apache.catalina.startup.HostConfig.deployDirectory Deploying web application directory [/home/pict/apache-tomcat-9.0.115/webapps/docs]
06-Mar-2026 12:24:28.990 INFO [main] org.apache.catalina.startup.HostConfig.deployDirectory Deployment of web application directory [/home/pict/apache-tomcat-9.0.115/webapps/docs] has finished in [11] ms
06-Mar-2026 12:24:28.990 INFO [main] org.apache.catalina.startup.HostConfig.deployDirectory Deploying web application directory [/home/pict/apache-tomcat-9.0.115/webapps/hello]
06-Mar-2026 12:24:29.009 INFO [main] org.apache.catalina.startup.HostConfig.deployDirectory Deployment of web application directory [/home/pict/apache-tomcat-9.0.115/webapps/hello] has finished in [19] ms
06-Mar-2026 12:24:29.009 INFO [main] org.apache.catalina.startup.HostConfig.deployDirectory Deploying web application directory [/home/pict/apache-tomcat-9.0.115/webapps/host-manager]
06-Mar-2026 12:24:29.023 INFO [main] org.apache.catalina.startup.HostConfig.deployDirectory Deployment of web application directory [/home/pict/apache-tomcat-9.0.115/webapps/host-manager] has finished in [14] ms
06-Mar-2026 12:24:29.023 INFO [main] org.apache.catalina.startup.HostConfig.deployDirectory Deploying web application directory [/home/pict/apache-tomcat-9.0.115/webapps/manager]
06-Mar-2026 12:24:29.033 INFO [main] org.apache.catalina.startup.HostConfig.deployDirectory Deployment of web application directory [/home/pict/apache-tomcat-9.0.115/webapps/manager] has finished in [10] ms
06-Mar-2026 12:24:29.034 INFO [main] org.apache.catalina.startup.HostConfig.deployDirectory Deploying web application directory [/home/pict/apache-tomcat-9.0.115/webapps/examples]
06-Mar-2026 12:24:29.113 INFO [main] org.apache.catalina.startup.HostConfig.deployDirectory Deployment of web application directory [/home/pict/apache-tomcat-9.0.115/webapps/examples] has finished in [79] ms
06-Mar-2026 12:24:29.116 INFO [main] org.apache.coyote.AbstractProtocol.start Starting ProtocolHandler ["http-nio-8080"]
06-Mar-2026 12:24:29.120 INFO [main] org.apache.catalina.startup.Catalina.start Server startup in [277] milliseconds
